<?xml version="1.0" encoding="utf-8"?><testsuites name="pytest tests"><testsuite name="pytest" errors="0" failures="0" skipped="0" tests="19" time="2.653" timestamp="2026-08-19T08:38:18.195357-03:00" hostname="BFL657921-N"><testcase classname="tests.test_app.TestHealth" name="test_health_returns_ok" time="1.707" /><testcase classname="tests.test_app.TestAuthMiddleware" name="test_missing_auth_header_returns_401" time="0.017" /><testcase classname="tests.test_app.TestAuthMiddleware" name="test_invalid_key_returns_401" time="0.016" /><testcase classname="tests.test_app.TestAuthMiddleware" name="test_auth_service_timeout_returns_504" time="0.014" /><testcase classname="tests.test_app.TestAuthMiddleware" name="test_auth_service_unavailable_returns_503" time="0.013" /><testcase classname="tests.test_app.TestCreateFlag" name="test_create_flag_success" time="0.015" /><testcase classname="tests.test_app.TestCreateFlag" name="test_create_flag_missing_name_returns_400" time="0.014" /><testcase classname="tests.test_app.TestCreateFlag" name="test_create_flag_duplicate_returns_409" time="0.014" /><testcase classname="tests.test_app.TestCreateFlag" name="test_create_flag_db_error_returns_500" time="0.014" /><testcase classname="tests.test_app.TestGetFlags" name="test_list_flags_returns_200" time="0.016" /><testcase classname="tests.test_app.TestGetFlags" name="test_list_flags_db_error_returns_500" time="0.020" /><testcase classname="tests.test_app.TestGetFlag" name="test_get_existing_flag_returns_200" time="0.016" /><testcase classname="tests.test_app.TestGetFlag" name="test_get_nonexistent_flag_returns_404" time="0.017" /><testcase classname="tests.test_app.TestUpdateFlag" name="test_update_flag_success" time="0.020" /><testcase classname="tests.test_app.TestUpdateFlag" name="test_update_flag_no_body_returns_400" time="0.012" /><testcase classname="tests.test_app.TestUpdateFlag" name="test_update_flag_no_valid_fields_returns_400" time="0.017" /><testcase classname="tests.test_app.TestUpdateFlag" name="test_update_nonexistent_flag_returns_404" time="0.015" /><testcase classname="tests.test_app.TestDeleteFlag" name="test_delete_existing_flag_returns_204" time="0.016" /><testcase classname="tests.test_app.TestDeleteFlag" name="test_delete_nonexistent_flag_returns_404" time="0.016" /></testsuite></testsuites>